melonDS 1.1
https://melonds.kuribo64.net
Opened "/opt/melonds/usr/bin/portable/melonDS.toml" with FileMode 0x1 (effective mode "rb")
Opened "/opt/melonds/usr/bin/portable/melonDS.toml" with FileMode 0x20 (effective mode "ab")
Opened "/opt/melonds/usr/bin/portable/melonDS.toml" with FileMode 0x1 (effective mode "rb")
MP comm init OK
Audio output frequency: 48000 Hz
Audio output buffer size: 512 samples
Opened "/workspace/research-artifacts/build/bench-modern/pocketphysics-v0.6-blocksds.nds" with FileMode 0x1 (effective mode "rb")
Failed to open "/workspace/research-artifacts/build/bench-modern/pocketphysics-v0.6-blocksds.sav" with FileMode 0x1 (effective mode "rb")
Failed to open "/workspace/research-artifacts/build/bench-modern/pocketphysics-v0.6-blocksds.sav" with FileMode 0x1 (effective mode "rb")
Failed to open "/workspace/research-artifacts/build/bench-modern/pocketphysics-v0.6-blocksds.sav" with FileMode 0x1 (effective mode "rb")
ROM entry not found for gamecode 589505315
!! bad ROM size 706560 (expected 1048576) rounded to 1048576
Failed to open "/opt/melonds/usr/bin/portable/wfcsettings.bin" with FileMode 0x1 (effective mode "rb")
Resetting JIT block cache...
done resetting jit mem
done resetting jit mem
MAC: 00:09:BF:11:22:33
FW: WIFI CRC16 = GOOD
FW: AP1 CRC16 = GOOD
FW: AP2 CRC16 = GOOD
FW: AP3 CRC16 = GOOD
FW: USER0 CRC16 = GOOD
FW: USER1 CRC16 = GOOD
Failed to open "/opt/melonds/usr/bin/portable/rtc.bin" with FileMode 0x1 (effective mode "rb")
No need to re-encrypt cart secure area
Inserted cart with game code: ####
Inserted cart with ID: 400000C2
ROM entry: 00100000 00000000
Ejected GBA cart
Failed to open "/workspace/research-artifacts/build/bench-modern/pocketphysics-v0.6-blocksds.mch" with FileMode 0x11 (effective mode "r")
Resetting JIT block cache...
done resetting jit mem
done resetting jit mem
MAC: 00:09:BF:11:22:33
FW: WIFI CRC16 = GOOD
FW: AP1 CRC16 = GOOD
FW: AP2 CRC16 = GOOD
FW: AP3 CRC16 = GOOD
FW: USER0 CRC16 = GOOD
FW: USER1 CRC16 = GOOD
remapping SWRAM
NDSCart: Initialized Key1_KeyBuf to zero
NDSCart: Initialized Key1_KeyBuf to zero
Secure area decryption failed
remapping DTCM 0 1000 ffffffff ffffffff
PU: region 0 = 04000033 : enabled, start: 04000000 size: 19
PU: region 0 = 04000033 : enabled, start: 04000000 size: 19
PU: region 1 = 0200002B : enabled, start: 02000000 size: 15
PU: region 1 = 0200002B : enabled, start: 02000000 size: 15
PU: region 2 = 00000000 : disabled, start: 00000000 size: 00
PU: region 2 = 00000000 : disabled, start: 00000000 size: 00
PU: region 3 = 08000035 : enabled, start: 08000000 size: 1A
PU: region 3 = 08000035 : enabled, start: 08000000 size: 1A
PU: region 4 = 0300001B : enabled, start: 03000000 size: 0D
PU: region 4 = 0300001B : enabled, start: 03000000 size: 0D
PU: region 5 = 00000000 : disabled, start: 00000000 size: 00
PU: region 5 = 00000000 : disabled, start: 00000000 size: 00
PU: region 6 = FFFF001D : enabled, start: FFFF0000 size: 0E
PU: region 6 = FFFF001D : enabled, start: FFFF0000 size: 0E
PU: region 7 = 027FF017 : enabled, start: 027FF000 size: 0B
PU: region 7 = 027FF017 : enabled, start: 027FF000 size: 0B
remapping DTCM 3000000 3004000 0 fffff000
Game is now booting
Opened "/opt/melonds/usr/bin/portable/melonDS.toml" with FileMode 0x1 (effective mode "rb")
Opened "/opt/melonds/usr/bin/portable/melonDS.toml" with FileMode 0x20 (effective mode "ab")
Failed to open "/workspace/research-artifacts/build/bench-modern/pocketphysics-v0.6-blocksds.ml1" with FileMode 0x1 (effective mode "rb")
remapping DTCM ffffffff ffffffff 3000000 2ffc000
PU: region 0 = 04000033 : enabled, start: 04000000 size: 19
Failed to open "/workspace/research-artifacts/build/bench-modern/pocketphysics-v0.6-blocksds.ml2" with FileMode 0x1 (effective mode "rb")
Failed to open "/workspace/research-artifacts/build/bench-modern/pocketphysics-v0.6-blocksds.ml3" with FileMode 0x1 (effective mode "rb")
PU: region 1 = FFFF001F : enabled, start: FFFF0000 size: 0F
Failed to open "/workspace/research-artifacts/build/bench-modern/pocketphysics-v0.6-blocksds.ml4" with FileMode 0x1 (effective mode "rb")
Failed to open "/workspace/research-artifacts/build/bench-modern/pocketphysics-v0.6-blocksds.ml5" with FileMode 0x1 (effective mode "rb")
Failed to open "/workspace/research-artifacts/build/bench-modern/pocketphysics-v0.6-blocksds.ml6" with FileMode 0x1 (effective mode "rb")
PU: region 2 = 00000017 : enabled, start: 00000000 size: 0B
Failed to open "/workspace/research-artifacts/build/bench-modern/pocketphysics-v0.6-blocksds.ml7" with FileMode 0x1 (effective mode "rb")
Failed to open "/workspace/research-artifacts/build/bench-modern/pocketphysics-v0.6-blocksds.ml8" with FileMode 0x1 (effective mode "rb")
PU: region 7 = 02FF401B : enabled, start: 02FF4000 size: 0D
PU: region 4 = 0100001D : enabled, start: 01000000 size: 0E
PU: region 3 = 08000035 : enabled, start: 08000000 size: 1A
PU: region 5 = 0200002F : enabled, start: 02000000 size: 17
PU: region 6 = 0200002B : enabled, start: 02000000 size: 15
remapping DTCM 2ff4000 2ff8000 ffffffff ffffffff
PU region 0: 04000000-07FFFFFF, user=07 priv=07, 33333063/03333063
PU region 1: FFFF0000-FFFFFFFF, user=55 priv=55, 33333063/03333063
PU region 2: 00000000-00000FFF, user=00 priv=00, 33333063/03333063
PU region 3: 08000000-0FFFFFFF, user=07 priv=07, 33333063/03333063
PU region 4: 01000000-01007FFF, user=07 priv=07, 33333063/03333063
PU region 5: 02000000-02FFFFFF, user=07 priv=07, 33333063/03333063
PU region 6: 02000000-023FFFFF, user=77 priv=77, 33333063/03333063
PU region 7: 02FF4000-02FF7FFF, user=03 priv=03, 33333063/03333063
unknown ARM9 IO write16 04000062 0000 0205CD9E
unknown ARM9 IO write16 04001060 0000 0205CDBA
unknown ARM9 IO write16 04001062 0000 0205CDBA
unknown ARM9 IO write16 04001064 0000 0205CDBA
unknown ARM9 IO write16 04001066 0000 0205CDBA
unknown ARM9 IO write16 04001068 0000 0205CDBA
unknown ARM9 IO write16 0400106A 0000 0205CDBA
tag,build,metric,count,total_ticks,mean_ticks,min_ticks,max_ticks,budget_ticks,over_budget,chec
ksum,pass
PPBENCH,bench-modern,benchmark_started,1,1,1,1,1,0,0,00000000,1
PPBENCH,bench-modern,file_output_ready,1,0,0,0,0,0,0,00000000,1
PPBENCH,bench-modern,timer_read_overhead_ticks,1,14,14,14,14,0,0,00000000,1
PPBENCH,bench-modern,scene_things_created,1,27,27,27,27,0,0,d8635f64,1
PPBENCH,bench-modern,scene_position_sum_x,1,3021,3021,3021,3021,0,0,d8635f64,1
PPBENCH,bench-modern,scene_position_sum_y,1,1969,1969,1969,1969,0,0,d8635f64,1
PPBENCH,bench-modern,hit_test_heap_delta_bytes,1,14400,14400,14400,14400,0,0,14c85783,0
PPBENCH,bench-modern,touch_create_and_drag,225,2764542,12286,40,214526,0,0,d8635f64,0
PPBENCH,bench-modern,hit_test,600,1809356,3015,2452,4950,0,0,14c85783,0
PPBENCH,bench-modern,physics_step,240,140299020,584579,161139,1441205,558566,102,240ed10b,0
PPBENCH,bench-modern,render_frame,240,76702237,319592,174613,397864,558566,0,240ed10b,0
PPBENCH,bench-modern,render_begin,240,128160,534,534,534,558566,0,240ed10b,0
PPBENCH,bench-modern,render_canvas,240,76544256,318934,173960,397206,558566,0,240ed10b,0
PPBENCH,bench-modern,render_end,240,8160,34,34,34,558566,0,240ed10b,0
PPBENCH,bench-modern,frame_total,240,217043948,904349,504755,1700719,558566,226,240ed10b,0
PPBENCH,bench-modern,frame_over_1pct_count,1,102,102,102,102,0,0,240ed10b,0
PPBENCH,bench-modern,frame_over_2x_count,1,87,87,87,87,0,0,240ed10b,0
PPBENCH,bench-modern,visible_things_rendered,1,5153,5153,5153,5153,0,0,240ed10b,1
PPBENCH,bench-modern,line_quads_rendered,1,22488,22488,22488,22488,0,0,240ed10b,1
PPBENCH,bench-modern,things_final,1,27,27,27,27,0,0,240ed10b,0
PPBENCH,bench-modern,behavior_pass,1,1,1,1,1,0,0,240ed10b,1
PPBENCH,bench-modern,hit_test_heap_fixed_pass,1,0,0,0,0,0,0,14c85783,0
PPBENCH,bench-modern,overall_pass,1,0,0,0,0,0,0,240ed10b,0
